// Jest Snapshot v1, https://goo.gl/fbAQLP

exports[`client/lib/rundown RundownUtils.getResolvedSegment Basic Segment resolution 1`] = `
{
  "autoNextPart": false,
  "currentLivePart": undefined,
  "currentNextPart": undefined,
  "hasAlreadyPlayed": false,
  "hasGuestItems": false,
  "hasRemoteItems": false,
  "isLiveSegment": false,
  "isNextSegment": false,
  "parts": [
    {
      "instance": {
        "_id": "randomId9002_part0_0_tmp_instance",
        "isTemporary": true,
        "part": {
          "_id": "randomId9002_part0_0",
          "_rank": 0,
          "externalId": "MOCK_PART_0_0",
          "rundownId": "randomId9002",
          "segmentId": "randomId9002_segment0",
          "title": "Part 0 0",
        },
        "playlistActivationId": "",
        "rehearsal": false,
        "rundownId": "randomId9002",
        "segmentId": "randomId9002_segment0",
        "segmentPlayoutId": "",
        "takeCount": -1,
      },
      "partId": "randomId9002_part0_0",
      "pieces": [
        {
          "instance": {
            "_id": "randomId9002_part0_0_tmp_instance_randomId9002_piece001",
            "isTemporary": true,
            "partInstanceId": "randomId9002_part0_0_tmp_instance",
            "piece": {
              "_id": "randomId9002_piece001",
              "content": {},
              "enable": {
                "start": 0,
              },
              "externalId": "MOCK_PIECE_001",
              "invalid": false,
              "lifespan": "part-only",
              "name": "Piece 001",
              "outputLayerId": "pgm",
              "pieceType": "normal",
              "sourceLayerId": "vt0",
              "startPartId": "randomId9002_part0_0",
              "startRundownId": "randomId9002",
              "startSegmentId": "randomId9002_segment0",
              "timelineObjectsString": "[]",
            },
            "playlistActivationId": "",
            "priority": 5,
            "rundownId": "randomId9002",
          },
          "outputLayer": {
            "_id": "pgm",
            "_rank": 0,
            "isPGM": true,
            "name": "PGM",
            "sourceLayers": [
              {
                "_id": "vt0",
                "_rank": 1,
                "exclusiveGroup": "main",
                "followingItems": [],
                "name": "VT",
                "pieces": [
                  [Circular],
                ],
                "type": 2,
              },
              {
                "_id": "cam0",
                "_rank": 0,
                "exclusiveGroup": "main",
                "followingItems": [],
                "name": "Camera",
                "pieces": [
                  {
                    "instance": {
                      "_id": "randomId9002_part0_1_tmp_instance_randomId9002_piece010",
                      "isTemporary": true,
                      "partInstanceId": "randomId9002_part0_1_tmp_instance",
                      "piece": {
                        "_id": "randomId9002_piece010",
                        "content": {},
                        "enable": {
                          "start": 0,
                        },
                        "externalId": "MOCK_PIECE_010",
                        "invalid": false,
                        "lifespan": "part-only",
                        "name": "Piece 010",
                        "outputLayerId": "pgm",
                        "pieceType": "normal",
                        "sourceLayerId": "cam0",
                        "startPartId": "randomId9002_part0_1",
                        "startRundownId": "randomId9002",
                        "startSegmentId": "randomId9002_segment0",
                        "timelineObjectsString": "[]",
                      },
                      "playlistActivationId": "",
                      "priority": 5,
                      "rundownId": "randomId9002",
                    },
                    "outputLayer": [Circular],
                    "renderedDuration": null,
                    "renderedInPoint": 0,
                    "sourceLayer": [Circular],
                  },
                ],
                "type": 1,
              },
            ],
            "used": true,
          },
          "renderedDuration": null,
          "renderedInPoint": 0,
          "sourceLayer": {
            "_id": "vt0",
            "_rank": 1,
            "exclusiveGroup": "main",
            "followingItems": [],
            "name": "VT",
            "pieces": [
              [Circular],
            ],
            "type": 2,
          },
        },
      ],
      "renderedDuration": 3000,
      "startsAt": 0,
      "willProbablyAutoNext": false,
    },
    {
      "instance": {
        "_id": "randomId9002_part0_1_tmp_instance",
        "isTemporary": true,
        "part": {
          "_id": "randomId9002_part0_1",
          "_rank": 1,
          "externalId": "MOCK_PART_0_1",
          "rundownId": "randomId9002",
          "segmentId": "randomId9002_segment0",
          "title": "Part 0 1",
        },
        "playlistActivationId": "",
        "rehearsal": false,
        "rundownId": "randomId9002",
        "segmentId": "randomId9002_segment0",
        "segmentPlayoutId": "",
        "takeCount": -1,
      },
      "partId": "randomId9002_part0_1",
      "pieces": [
        {
          "instance": {
            "_id": "randomId9002_part0_1_tmp_instance_randomId9002_piece010",
            "isTemporary": true,
            "partInstanceId": "randomId9002_part0_1_tmp_instance",
            "piece": {
              "_id": "randomId9002_piece010",
              "content": {},
              "enable": {
                "start": 0,
              },
              "externalId": "MOCK_PIECE_010",
              "invalid": false,
              "lifespan": "part-only",
              "name": "Piece 010",
              "outputLayerId": "pgm",
              "pieceType": "normal",
              "sourceLayerId": "cam0",
              "startPartId": "randomId9002_part0_1",
              "startRundownId": "randomId9002",
              "startSegmentId": "randomId9002_segment0",
              "timelineObjectsString": "[]",
            },
            "playlistActivationId": "",
            "priority": 5,
            "rundownId": "randomId9002",
          },
          "outputLayer": {
            "_id": "pgm",
            "_rank": 0,
            "isPGM": true,
            "name": "PGM",
            "sourceLayers": [
              {
                "_id": "vt0",
                "_rank": 1,
                "exclusiveGroup": "main",
                "followingItems": [],
                "name": "VT",
                "pieces": [
                  {
                    "instance": {
                      "_id": "randomId9002_part0_0_tmp_instance_randomId9002_piece001",
                      "isTemporary": true,
                      "partInstanceId": "randomId9002_part0_0_tmp_instance",
                      "piece": {
                        "_id": "randomId9002_piece001",
                        "content": {},
                        "enable": {
                          "start": 0,
                        },
                        "externalId": "MOCK_PIECE_001",
                        "invalid": false,
                        "lifespan": "part-only",
                        "name": "Piece 001",
                        "outputLayerId": "pgm",
                        "pieceType": "normal",
                        "sourceLayerId": "vt0",
                        "startPartId": "randomId9002_part0_0",
                        "startRundownId": "randomId9002",
                        "startSegmentId": "randomId9002_segment0",
                        "timelineObjectsString": "[]",
                      },
                      "playlistActivationId": "",
                      "priority": 5,
                      "rundownId": "randomId9002",
                    },
                    "outputLayer": [Circular],
                    "renderedDuration": null,
                    "renderedInPoint": 0,
                    "sourceLayer": [Circular],
                  },
                ],
                "type": 2,
              },
              {
                "_id": "cam0",
                "_rank": 0,
                "exclusiveGroup": "main",
                "followingItems": [],
                "name": "Camera",
                "pieces": [
                  [Circular],
                ],
                "type": 1,
              },
            ],
            "used": true,
          },
          "renderedDuration": null,
          "renderedInPoint": 0,
          "sourceLayer": {
            "_id": "cam0",
            "_rank": 0,
            "exclusiveGroup": "main",
            "followingItems": [],
            "name": "Camera",
            "pieces": [
              [Circular],
            ],
            "type": 1,
          },
        },
      ],
      "renderedDuration": 3000,
      "startsAt": 3000,
      "willProbablyAutoNext": false,
    },
  ],
  "segmentExtended": {
    "_id": "randomId9002_segment0",
    "_rank": 0,
    "externalId": "MOCK_SEGMENT_0",
    "name": "Segment 0",
    "outputLayers": {
      "pgm": {
        "_id": "pgm",
        "_rank": 0,
        "isPGM": true,
        "name": "PGM",
        "sourceLayers": [
          {
            "_id": "vt0",
            "_rank": 1,
            "exclusiveGroup": "main",
            "followingItems": [],
            "name": "VT",
            "pieces": [
              {
                "instance": {
                  "_id": "randomId9002_part0_0_tmp_instance_randomId9002_piece001",
                  "isTemporary": true,
                  "partInstanceId": "randomId9002_part0_0_tmp_instance",
                  "piece": {
                    "_id": "randomId9002_piece001",
                    "content": {},
                    "enable": {
                      "start": 0,
                    },
                    "externalId": "MOCK_PIECE_001",
                    "invalid": false,
                    "lifespan": "part-only",
                    "name": "Piece 001",
                    "outputLayerId": "pgm",
                    "pieceType": "normal",
                    "sourceLayerId": "vt0",
                    "startPartId": "randomId9002_part0_0",
                    "startRundownId": "randomId9002",
                    "startSegmentId": "randomId9002_segment0",
                    "timelineObjectsString": "[]",
                  },
                  "playlistActivationId": "",
                  "priority": 5,
                  "rundownId": "randomId9002",
                },
                "outputLayer": [Circular],
                "renderedDuration": null,
                "renderedInPoint": 0,
                "sourceLayer": [Circular],
              },
            ],
            "type": 2,
          },
          {
            "_id": "cam0",
            "_rank": 0,
            "exclusiveGroup": "main",
            "followingItems": [],
            "name": "Camera",
            "pieces": [
              {
                "instance": {
                  "_id": "randomId9002_part0_1_tmp_instance_randomId9002_piece010",
                  "isTemporary": true,
                  "partInstanceId": "randomId9002_part0_1_tmp_instance",
                  "piece": {
                    "_id": "randomId9002_piece010",
                    "content": {},
                    "enable": {
                      "start": 0,
                    },
                    "externalId": "MOCK_PIECE_010",
                    "invalid": false,
                    "lifespan": "part-only",
                    "name": "Piece 010",
                    "outputLayerId": "pgm",
                    "pieceType": "normal",
                    "sourceLayerId": "cam0",
                    "startPartId": "randomId9002_part0_1",
                    "startRundownId": "randomId9002",
                    "startSegmentId": "randomId9002_segment0",
                    "timelineObjectsString": "[]",
                  },
                  "playlistActivationId": "",
                  "priority": 5,
                  "rundownId": "randomId9002",
                },
                "outputLayer": [Circular],
                "renderedDuration": null,
                "renderedInPoint": 0,
                "sourceLayer": [Circular],
              },
            ],
            "type": 1,
          },
        ],
        "used": true,
      },
    },
    "rundownId": "randomId9002",
    "sourceLayers": {
      "cam0": {
        "_id": "cam0",
        "_rank": 0,
        "exclusiveGroup": "main",
        "followingItems": [],
        "name": "Camera",
        "pieces": [],
        "type": 1,
      },
      "graphics0": {
        "_id": "graphics0",
        "_rank": 3,
        "followingItems": [],
        "name": "Graphic",
        "pieces": [],
        "type": 5,
      },
      "transition0": {
        "_id": "transition0",
        "_rank": 2,
        "followingItems": [],
        "name": "Transition",
        "pieces": [],
        "type": 13,
      },
      "vt0": {
        "_id": "vt0",
        "_rank": 1,
        "exclusiveGroup": "main",
        "followingItems": [],
        "name": "VT",
        "pieces": [],
        "type": 2,
      },
    },
  },
}
`;
